../Core/Inc/bme280/bme280.c:5:6:BME280	16	static
../Core/Inc/bme280/bme280.c:12:7:BME280_begin	16	static
../Core/Inc/bme280/bme280.c:28:7:BME280_setDefaultSampling	8	static
../Core/Inc/bme280/bme280.c:37:7:BME280_isReadingCalibration	16	static
../Core/Inc/bme280/bme280.c:45:7:BME280_readCoefficients	16	static
../Core/Inc/bme280/bme280.c:71:8:BME280_BME280_readPressure	32	static
../Core/Inc/bme280/bme280.c:95:7:readPressure	32	static
../Core/Inc/bme280/bme280.c:129:8:BME280_readHumidity	24	static
../Core/Inc/bme280/bme280.c:161:7:BME280_writeTo	32	static
../Core/Inc/bme280/bme280.c:168:7:BME280_readFrom	40	static
../Core/Inc/bme280/bme280.c:176:10:BME280_readFrom8	32	static
../Core/Inc/bme280/bme280.c:185:11:BME280_readFrom16	32	static
../Core/Inc/bme280/bme280.c:196:7:BME280_read	24	static
../Core/Inc/bme280/bme280.c:205:7:BME280_PrintRegister	16	static
