../Core/Inc/ili9341.c:266:6:ili9341_DisplayOn	8	static
../Core/Inc/ili9341.c:280:6:ili9341_DisplayOff	8	static
../Core/Inc/ili9341.c:294:10:ili9341_GetLcdPixelWidth	4	static
../Core/Inc/ili9341.c:305:10:ili9341_GetLcdPixelHeight	4	static
../Core/Inc/ili9341.c:317:10:ili9341_ReadID	16	static
../Core/Inc/ili9341.c:333:6:ili9341_Init	16	static
../Core/Inc/ili9341.c:404:6:ili9341_SetCursor	16	static
../Core/Inc/ili9341.c:419:6:ili9341_WritePixel	16	static
../Core/Inc/ili9341.c:434:10:ili9341_ReadPixel	24	static
../Core/Inc/ili9341.c:455:6:ili9341_SetDisplayWindow	24	static
../Core/Inc/ili9341.c:473:6:ili9341_DrawHLine	24	static
../Core/Inc/ili9341.c:491:6:ili9341_DrawVLine	24	static
../Core/Inc/ili9341.c:510:6:ili9341_FillRect	24	static
../Core/Inc/ili9341.c:528:6:ili9341_DrawBitmap	24	static
../Core/Inc/ili9341.c:557:6:ili9341_DrawRGBImage	24	static
../Core/Inc/ili9341.c:576:6:ili9341_ReadRGBImage	24	static
../Core/Inc/ili9341.c:594:6:ili9341_Scroll	16	static
