../Core/Inc/lcd_io_gpio8.c:249:6:LCD_IO_Delay	16	static
../Core/Inc/lcd_io_gpio8.c:260:6:LCD_Delay	16	static
../Core/Inc/lcd_io_gpio8.c:266:6:LCD_IO_Bl_OnOff	16	static
../Core/Inc/lcd_io_gpio8.c:277:6:LCD_IO_Init	8	static
../Core/Inc/lcd_io_gpio8.c:358:6:LCD_IO_WriteCmd8	16	static
../Core/Inc/lcd_io_gpio8.c:366:6:LCD_IO_WriteCmd16	16	static
../Core/Inc/lcd_io_gpio8.c:374:6:LCD_IO_WriteData8	16	static
../Core/Inc/lcd_io_gpio8.c:382:6:LCD_IO_WriteData16	16	static
../Core/Inc/lcd_io_gpio8.c:390:6:LCD_IO_WriteCmd8DataFill16	16	static
../Core/Inc/lcd_io_gpio8.c:402:6:LCD_IO_WriteCmd8MultipleData8	24	static
../Core/Inc/lcd_io_gpio8.c:416:6:LCD_IO_WriteCmd8MultipleData16	24	static
../Core/Inc/lcd_io_gpio8.c:429:6:LCD_IO_WriteCmd16DataFill16	16	static
../Core/Inc/lcd_io_gpio8.c:441:6:LCD_IO_WriteCmd16MultipleData8	24	static
../Core/Inc/lcd_io_gpio8.c:454:6:LCD_IO_WriteCmd16MultipleData16	24	static
../Core/Inc/lcd_io_gpio8.c:468:6:LCD_IO_ReadCmd8MultipleData8	32	static
../Core/Inc/lcd_io_gpio8.c:487:6:LCD_IO_ReadCmd8MultipleData16	32	static
../Core/Inc/lcd_io_gpio8.c:507:6:LCD_IO_ReadCmd8MultipleData24to16	32	static
../Core/Inc/lcd_io_gpio8.c:532:6:LCD_IO_ReadCmd16MultipleData8	32	static
../Core/Inc/lcd_io_gpio8.c:551:6:LCD_IO_ReadCmd16MultipleData16	32	static
../Core/Inc/lcd_io_gpio8.c:570:6:LCD_IO_ReadCmd16MultipleData24to16	32	static
