../Core/Inc/stm32_adafruit_lcd.c:166:9:BSP_LCD_Init	16	static
../Core/Inc/stm32_adafruit_lcd.c:194:10:BSP_LCD_GetXSize	8	static
../Core/Inc/stm32_adafruit_lcd.c:204:10:BSP_LCD_GetYSize	8	static
../Core/Inc/stm32_adafruit_lcd.c:214:10:BSP_LCD_GetTextColor	4	static
../Core/Inc/stm32_adafruit_lcd.c:224:10:BSP_LCD_GetBackColor	4	static
../Core/Inc/stm32_adafruit_lcd.c:234:6:BSP_LCD_SetTextColor	16	static
../Core/Inc/stm32_adafruit_lcd.c:244:6:BSP_LCD_SetBackColor	16	static
../Core/Inc/stm32_adafruit_lcd.c:254:6:BSP_LCD_SetFont	16	static
../Core/Inc/stm32_adafruit_lcd.c:264:8:BSP_LCD_GetFont	4	static
../Core/Inc/stm32_adafruit_lcd.c:274:6:BSP_LCD_Clear	32	static
../Core/Inc/stm32_adafruit_lcd.c:302:6:BSP_LCD_ClearStringLine	32	static
../Core/Inc/stm32_adafruit_lcd.c:322:6:BSP_LCD_DisplayChar	16	static
../Core/Inc/stm32_adafruit_lcd.c:340:6:BSP_LCD_DisplayStringAt	48	static
../Core/Inc/stm32_adafruit_lcd.c:401:6:BSP_LCD_DisplayStringAtLine	16	static
../Core/Inc/stm32_adafruit_lcd.c:413:6:BSP_LCD_DrawPixel	16	static
../Core/Inc/stm32_adafruit_lcd.c:428:6:BSP_LCD_DrawHLine	32	static
../Core/Inc/stm32_adafruit_lcd.c:452:6:BSP_LCD_DrawVLine	32	static
../Core/Inc/stm32_adafruit_lcd.c:477:6:BSP_LCD_DrawLine	56	static
../Core/Inc/stm32_adafruit_lcd.c:552:6:BSP_LCD_DrawRect	24	static
../Core/Inc/stm32_adafruit_lcd.c:570:6:BSP_LCD_DrawCircle	32	static
../Core/Inc/stm32_adafruit_lcd.c:610:6:BSP_LCD_DrawPolygon	32	static
../Core/Inc/stm32_adafruit_lcd.c:638:6:BSP_LCD_DrawEllipse	56	static
../Core/Inc/stm32_adafruit_lcd.c:671:6:BSP_LCD_DrawBitmap	32	static
../Core/Inc/stm32_adafruit_lcd.c:699:6:BSP_LCD_FillRect	24	static
../Core/Inc/stm32_adafruit_lcd.c:720:6:BSP_LCD_FillCircle	32	static
../Core/Inc/stm32_adafruit_lcd.c:767:6:BSP_LCD_FillPolygon	64	static
../Core/Inc/stm32_adafruit_lcd.c:835:6:BSP_LCD_FillEllipse	56	static
../Core/Inc/stm32_adafruit_lcd.c:866:6:BSP_LCD_DisplayOn	8	static
../Core/Inc/stm32_adafruit_lcd.c:876:6:BSP_LCD_DisplayOff	8	static
../Core/Inc/stm32_adafruit_lcd.c:892:13:DrawChar	48	static
../Core/Inc/stm32_adafruit_lcd.c:964:6:BSP_LCD_FillTriangle	72	static
../Core/Inc/stm32_adafruit_lcd.c:1053:13:SetDisplayWindow	24	static
